[demo-egenslab.b-cdn.net/html/drivco/preview/index.html]
[demo-egenslab.b-cdn.net/html/drivco/preview/assets/css/bootstrap.min.css]
[demo-egenslab.b-cdn.net/html/drivco/preview/assets/css/jquery-ui.css]
[demo-egenslab.b-cdn.net/html/drivco/preview/assets/css/bootstrap-icons.css]
[demo-egenslab.b-cdn.net/html/drivco/preview/assets/css/all.min.css]
[demo-egenslab.b-cdn.net/html/drivco/preview/assets/css/animate.min.css]
[demo-egenslab.b-cdn.net/html/drivco/preview/assets/css/jquery.fancybox.min.css]
[demo-egenslab.b-cdn.net/html/drivco/preview/assets/css/fontawesome.min.css]
[demo-egenslab.b-cdn.net/html/drivco/preview/assets/css/swiper-bundle.min.css]
[demo-egenslab.b-cdn.net/html/drivco/preview/assets/css/slick.css]
[demo-egenslab.b-cdn.net/html/drivco/preview/assets/css/slick-theme.css]
[demo-egenslab.b-cdn.net/html/drivco/preview/assets/css/magnific-popup.css]
[demo-egenslab.b-cdn.net/html/drivco/preview/assets/css/boxicons.min.css]
[demo-egenslab.b-cdn.net/html/drivco/preview/assets/css/nice-select.css]
[backblue.gif]
[fade.gif]
[index.html]
[demo-egenslab.b-cdn.net/html/drivco/preview/assets/css/style.css]
[demo-egenslab.b-cdn.net/html/drivco/preview/assets/img/sm-logo.svg]
[demo-egenslab.b-cdn.net/html/drivco/preview/assets/img/home1/icon/google.svg]
[demo-egenslab.b-cdn.net/html/drivco/preview/assets/img/home1/icon/facebook.svg]
[demo-egenslab.b-cdn.net/html/drivco/preview/assets/img/home1/icon/twiter.svg]
[demo-egenslab.b-cdn.net/html/drivco/preview/assets/img/logo.svg]
[demo-egenslab.b-cdn.net/html/drivco/preview/index2.html]
[demo-egenslab.b-cdn.net/html/drivco/preview/index3.html]
[demo-egenslab.b-cdn.net/html/drivco/preview/index4.html]
[demo-egenslab.b-cdn.net/html/drivco/preview/index6.html]
[demo-egenslab.b-cdn.net/html/drivco/preview/single-brand-category.html]
[demo-egenslab.b-cdn.net/html/drivco/preview/index5.html]
[demo-egenslab.b-cdn.net/html/drivco/preview/assets/img/menu-icon/merchedes.svg]
[demo-egenslab.b-cdn.net/html/drivco/preview/assets/img/menu-icon/volkswagen.svg]
[demo-egenslab.b-cdn.net/html/drivco/preview/assets/img/menu-icon/ferrari.svg]
[demo-egenslab.b-cdn.net/html/drivco/preview/assets/img/menu-icon/mazda.svg]
[demo-egenslab.b-cdn.net/html/drivco/preview/assets/img/menu-icon/mitsubishi.svg]
[demo-egenslab.b-cdn.net/html/drivco/preview/assets/img/menu-icon/lamborghini.svg]
[demo-egenslab.b-cdn.net/html/drivco/preview/assets/img/menu-icon/tesla.svg]
[demo-egenslab.b-cdn.net/html/drivco/preview/assets/img/menu-icon/toyota.svg]
[demo-egenslab.b-cdn.net/html/drivco/preview/brand-category.html]
[demo-egenslab.b-cdn.net/html/drivco/preview/assets/img/menu-icon/panama.svg]
[demo-egenslab.b-cdn.net/html/drivco/preview/assets/img/menu-icon/sydne.svg]
[demo-egenslab.b-cdn.net/html/drivco/preview/assets/img/menu-icon/melbourne.svg]
[demo-egenslab.b-cdn.net/html/drivco/preview/assets/img/menu-icon/delhi.svg]
[demo-egenslab.b-cdn.net/html/drivco/preview/assets/img/menu-icon/newYork.svg]
[demo-egenslab.b-cdn.net/html/drivco/preview/assets/img/menu-icon/menchester.svg]
[demo-egenslab.b-cdn.net/html/drivco/preview/assets/img/menu-icon/greece.svg]
[demo-egenslab.b-cdn.net/html/drivco/preview/assets/img/menu-icon/abudabi.svg]
[demo-egenslab.b-cdn.net/html/drivco/preview/car-listing-left-sidebar.html]
[demo-egenslab.b-cdn.net/html/drivco/preview/about.html]
[demo-egenslab.b-cdn.net/html/drivco/preview/car-listing-right-sidebar.html]
[demo-egenslab.b-cdn.net/html/drivco/preview/car-listing-no-sidebar.html]
[demo-egenslab.b-cdn.net/html/drivco/preview/special-offer.html]
[demo-egenslab.b-cdn.net/html/drivco/preview/car-deatils.html]
[demo-egenslab.b-cdn.net/html/drivco/preview/car-auction-details.html]
[demo-egenslab.b-cdn.net/html/drivco/preview/compare.html]
[demo-egenslab.b-cdn.net/html/drivco/preview/shop.html]
[demo-egenslab.b-cdn.net/html/drivco/preview/product-details.html]
[demo-egenslab.b-cdn.net/html/drivco/preview/checkout.html]
[demo-egenslab.b-cdn.net/html/drivco/preview/blog-standard.html]
[demo-egenslab.b-cdn.net/html/drivco/preview/faq.html]
[demo-egenslab.b-cdn.net/html/drivco/preview/blog-details.html]
[demo-egenslab.b-cdn.net/html/drivco/preview/error.html]
[demo-egenslab.b-cdn.net/html/drivco/preview/customer-review.html]
[demo-egenslab.b-cdn.net/html/drivco/preview/contact.html]
[demo-egenslab.b-cdn.net/html/drivco/preview/return-enchange.html]
[demo-egenslab.b-cdn.net/html/drivco/preview/assets/img/home1/cart-01.png]
[demo-egenslab.b-cdn.net/html/drivco/preview/assets/img/home1/icon/hotline-icon.svg]
[demo-egenslab.b-cdn.net/html/drivco/preview/assets/img/home1/icon/trstpilot-logo.svg]
[demo-egenslab.b-cdn.net/html/drivco/preview/assets/img/home1/icon/trustpilot-star.svg]
[demo-egenslab.b-cdn.net/html/drivco/preview/assets/img/home1/icon/google-logo.svg]
[demo-egenslab.b-cdn.net/html/drivco/preview/assets/img/home1/icon/car-01.svg]
[demo-egenslab.b-cdn.net/html/drivco/preview/assets/img/home1/icon/suzuki.svg]
[demo-egenslab.b-cdn.net/html/drivco/preview/assets/img/home1/icon/suzuki-car.svg]
[demo-egenslab.b-cdn.net/html/drivco/preview/assets/img/home1/icon/bmw.svg]
[demo-egenslab.b-cdn.net/html/drivco/preview/assets/img/home1/icon/bmw-car.svg]
[demo-egenslab.b-cdn.net/html/drivco/preview/assets/img/home1/icon/toyota.svg]
[demo-egenslab.b-cdn.net/html/drivco/preview/assets/img/home1/icon/toyota-car.svg]
[demo-egenslab.b-cdn.net/html/drivco/preview/assets/img/home1/icon/tesla.svg]
[demo-egenslab.b-cdn.net/html/drivco/preview/assets/img/home1/icon/tesla-car.svg]
[demo-egenslab.b-cdn.net/html/drivco/preview/assets/img/home1/icon/honda.svg]
[demo-egenslab.b-cdn.net/html/drivco/preview/assets/img/home1/icon/honda-car.svg]
[demo-egenslab.b-cdn.net/html/drivco/preview/assets/img/home1/icon/mazda.svg]
[demo-egenslab.b-cdn.net/html/drivco/preview/assets/img/home1/icon/mazda-car.svg]
[demo-egenslab.b-cdn.net/html/drivco/preview/assets/img/home1/icon/gallery-icon-1.svg]
[demo-egenslab.b-cdn.net/html/drivco/preview/assets/img/home1/product-img-1.png]
[demo-egenslab.b-cdn.net/html/drivco/preview/assets/img/home1/product-img-2.png]
[demo-egenslab.b-cdn.net/html/drivco/preview/assets/img/home1/product-img-3.png]
[demo-egenslab.b-cdn.net/html/drivco/preview/assets/img/home1/product-img-4.png]
[demo-egenslab.b-cdn.net/html/drivco/preview/assets/img/home1/product-img-5.png]
[demo-egenslab.b-cdn.net/html/drivco/preview/assets/img/home1/icon/mercedes-01.svg]
[demo-egenslab.b-cdn.net/html/drivco/preview/assets/img/home1/product-img-6.png]
[demo-egenslab.b-cdn.net/html/drivco/preview/assets/img/home1/icon/tesla-01.svg]
[demo-egenslab.b-cdn.net/html/drivco/preview/assets/img/home1/product-img-7.png]
[demo-egenslab.b-cdn.net/html/drivco/preview/assets/img/home1/icon/toyota-01.svg]
[demo-egenslab.b-cdn.net/html/drivco/preview/assets/img/home1/product-img-8.png]
[demo-egenslab.b-cdn.net/html/drivco/preview/assets/img/home1/icon/hyundai-01.svg]
[demo-egenslab.b-cdn.net/html/drivco/preview/assets/img/home1/product-img-9.png]
[demo-egenslab.b-cdn.net/html/drivco/preview/assets/img/home1/icon/jeep-01.svg]
[demo-egenslab.b-cdn.net/html/drivco/preview/assets/img/home1/product-img-10.png]
[demo-egenslab.b-cdn.net/html/drivco/preview/assets/img/home1/icon/bmw-10.svg]
[demo-egenslab.b-cdn.net/html/drivco/preview/assets/img/home1/product-img-11.png]
[demo-egenslab.b-cdn.net/html/drivco/preview/assets/img/home1/product-img-12.png]
[demo-egenslab.b-cdn.net/html/drivco/preview/assets/img/home1/product-img-13.png]
[demo-egenslab.b-cdn.net/html/drivco/preview/assets/img/home1/icon/affordable.svg]
[demo-egenslab.b-cdn.net/html/drivco/preview/assets/img/home1/icon/guarantee.svg]
[demo-egenslab.b-cdn.net/html/drivco/preview/assets/img/home1/icon/warranty.svg]
[demo-egenslab.b-cdn.net/html/drivco/preview/assets/img/home1/icon/av-car.svg]
[demo-egenslab.b-cdn.net/html/drivco/preview/assets/img/home1/icon/sold-car.svg]
[demo-egenslab.b-cdn.net/html/drivco/preview/assets/img/home1/icon/use-car.svg]
[demo-egenslab.b-cdn.net/html/drivco/preview/assets/img/home1/icon/happy-customar.svg]
[demo-egenslab.b-cdn.net/html/drivco/preview/assets/img/home1/icon/trustpilot-star2.svg]
[demo-egenslab.b-cdn.net/html/drivco/preview/assets/img/home1/icon/trustpilot-logo.svg]
[demo-egenslab.b-cdn.net/html/drivco/preview/assets/img/home1/icon/suzuki-1.svg]
[demo-egenslab.b-cdn.net/html/drivco/preview/assets/img/home1/recommended-img.png]
[demo-egenslab.b-cdn.net/html/drivco/preview/assets/img/home1/compare-md-01.png]
[demo-egenslab.b-cdn.net/html/drivco/preview/assets/img/home1/compare-md-02.png]
[demo-egenslab.b-cdn.net/html/drivco/preview/assets/img/home1/cc-suv.png]
[demo-egenslab.b-cdn.net/html/drivco/preview/assets/img/home1/cc-toyota.png]
[demo-egenslab.b-cdn.net/html/drivco/preview/assets/img/home1/cc-merceds.png]
[demo-egenslab.b-cdn.net/html/drivco/preview/assets/img/home1/cc-bmw.png]
[demo-egenslab.b-cdn.net/html/drivco/preview/assets/img/home1/cc-tesla.png]
[demo-egenslab.b-cdn.net/html/drivco/preview/assets/img/home1/icon/text-slider-vec.svg]
[demo-egenslab.b-cdn.net/html/drivco/preview/assets/img/home1/shop-main-img.png]
[demo-egenslab.b-cdn.net/html/drivco/preview/assets/img/home1/shop-img-1.png]
[demo-egenslab.b-cdn.net/html/drivco/preview/assets/img/home1/icon/trustpilot-star3.svg]
[demo-egenslab.b-cdn.net/html/drivco/preview/assets/img/home1/icon/trustpilot-log3.svg]
[demo-egenslab.b-cdn.net/html/drivco/preview/assets/img/home1/icon/google3.svg]
[demo-egenslab.b-cdn.net/html/drivco/preview/assets/img/home1/company-logo-01.png]
[demo-egenslab.b-cdn.net/html/drivco/preview/assets/img/home1/company-logo-02.png]
[demo-egenslab.b-cdn.net/html/drivco/preview/assets/img/home1/company-logo-03.png]
[demo-egenslab.b-cdn.net/html/drivco/preview/assets/img/home1/company-logo-04.png]
[demo-egenslab.b-cdn.net/html/drivco/preview/assets/img/home1/company-logo-05.png]
[demo-egenslab.b-cdn.net/html/drivco/preview/assets/img/home1/company-logo-06.png]
[demo-egenslab.b-cdn.net/html/drivco/preview/assets/img/home1/news-01.png]
[demo-egenslab.b-cdn.net/html/drivco/preview/assets/img/home1/author-01.png]
[demo-egenslab.b-cdn.net/html/drivco/preview/assets/img/home1/news-02.png]
[demo-egenslab.b-cdn.net/html/drivco/preview/assets/img/home1/author-02.png]
[demo-egenslab.b-cdn.net/html/drivco/preview/assets/img/home1/news-03.png]
[demo-egenslab.b-cdn.net/html/drivco/preview/assets/img/home1/author-03.png]
[demo-egenslab.b-cdn.net/html/drivco/preview/assets/img/home1/icon/google-app.svg]
[demo-egenslab.b-cdn.net/html/drivco/preview/assets/img/home1/icon/apple-app.svg]
[demo-egenslab.b-cdn.net/html/drivco/preview/assets/img/footer-logo.svg]
[demo-egenslab.b-cdn.net/cdn-cgi/scripts/5c5dd728/cloudflare-static/email-decode.min.js]
[demo-egenslab.b-cdn.net/html/drivco/preview/assets/js/jquery-3.6.0.min.js]
[demo-egenslab.b-cdn.net/html/drivco/preview/assets/js/bootstrap.min.js]
[demo-egenslab.b-cdn.net/html/drivco/preview/assets/js/jquery-ui.js]
[demo-egenslab.b-cdn.net/html/drivco/preview/assets/js/popper.min.js]
[demo-egenslab.b-cdn.net/html/drivco/preview/assets/js/swiper-bundle.min.js]
[demo-egenslab.b-cdn.net/html/drivco/preview/assets/js/slick.js]
[demo-egenslab.b-cdn.net/html/drivco/preview/assets/js/waypoints.min.js]
[demo-egenslab.b-cdn.net/html/drivco/preview/assets/js/wow.min.js]
[demo-egenslab.b-cdn.net/html/drivco/preview/assets/js/jquery.counterup.min.js]
[demo-egenslab.b-cdn.net/html/drivco/preview/assets/js/isotope.pkgd.min.js]
[demo-egenslab.b-cdn.net/html/drivco/preview/assets/js/jquery.magnific-popup.min.js]
[demo-egenslab.b-cdn.net/html/drivco/preview/assets/js/gsap.min.js]
[demo-egenslab.b-cdn.net/html/drivco/preview/assets/js/simpleParallax.min.js]
[demo-egenslab.b-cdn.net/html/drivco/preview/assets/js/TweenMax.min.js]
[demo-egenslab.b-cdn.net/html/drivco/preview/assets/js/jquery.marquee.min.js]
[demo-egenslab.b-cdn.net/html/drivco/preview/assets/js/jquery.nice-select.min.js]
[demo-egenslab.b-cdn.net/html/drivco/preview/assets/js/jquery.fancybox.min.js]
[demo-egenslab.b-cdn.net/html/drivco/preview/index.html]
[demo-egenslab.b-cdn.net/html/drivco/preview/assets/css/bootstrap.min.css]
[demo-egenslab.b-cdn.net/html/drivco/preview/assets/css/jquery-ui.css]
[demo-egenslab.b-cdn.net/html/drivco/preview/assets/js/custom.js]
[demo-egenslab.b-cdn.net/html/drivco/preview/assets/webfonts/bootstrap-iconsbe27.woff2]
[demo-egenslab.b-cdn.net/html/drivco/preview/assets/webfonts/bootstrap-iconsbe27.woff]
[demo-egenslab.b-cdn.net/html/drivco/preview/assets/css/bootstrap-icons.css]
[demo-egenslab.b-cdn.net/html/drivco/preview/assets/webfonts/fa-brands-400d41d.eot]
[demo-egenslab.b-cdn.net/html/drivco/preview/assets/webfonts/fa-brands-400.eot]
[demo-egenslab.b-cdn.net/html/drivco/preview/assets/webfonts/fa-brands-400.woff2]
[demo-egenslab.b-cdn.net/html/drivco/preview/assets/webfonts/fa-brands-400.woff]
[demo-egenslab.b-cdn.net/html/drivco/preview/assets/webfonts/fa-brands-400.ttf]
[demo-egenslab.b-cdn.net/html/drivco/preview/assets/webfonts/fa-brands-400.svg]
[demo-egenslab.b-cdn.net/html/drivco/preview/assets/webfonts/fa-regular-400.eot]
[demo-egenslab.b-cdn.net/html/drivco/preview/assets/webfonts/fa-regular-400d41d.eot]
[demo-egenslab.b-cdn.net/html/drivco/preview/assets/webfonts/fa-regular-400.woff2]
[demo-egenslab.b-cdn.net/html/drivco/preview/assets/webfonts/fa-regular-400.woff]
[demo-egenslab.b-cdn.net/html/drivco/preview/assets/webfonts/fa-regular-400.ttf]
[demo-egenslab.b-cdn.net/html/drivco/preview/assets/webfonts/fa-regular-400.svg]
[demo-egenslab.b-cdn.net/html/drivco/preview/assets/webfonts/fa-solid-900d41d.eot]
[demo-egenslab.b-cdn.net/html/drivco/preview/assets/webfonts/fa-solid-900.eot]
[demo-egenslab.b-cdn.net/html/drivco/preview/assets/webfonts/fa-solid-900.woff2]
[demo-egenslab.b-cdn.net/html/drivco/preview/assets/webfonts/fa-solid-900.woff]
[demo-egenslab.b-cdn.net/html/drivco/preview/assets/webfonts/fa-solid-900.ttf]
[demo-egenslab.b-cdn.net/html/drivco/preview/assets/css/all.min.css]
[demo-egenslab.b-cdn.net/html/drivco/preview/assets/css/animate.min.css]
[demo-egenslab.b-cdn.net/html/drivco/preview/assets/css/jquery.fancybox.min.css]
[demo-egenslab.b-cdn.net/html/drivco/preview/assets/css/fontawesome.min.css]
[demo-egenslab.b-cdn.net/html/drivco/preview/assets/css/swiper-bundle.min.css]
[demo-egenslab.b-cdn.net/html/drivco/preview/assets/css/slick.css]
[demo-egenslab.b-cdn.net/html/drivco/preview/assets/webfonts/fa-solid-900.svg]
[demo-egenslab.b-cdn.net/html/drivco/preview/assets/css/ajax-loader.gif]
[demo-egenslab.b-cdn.net/html/drivco/preview/assets/css/fonts/slick.eot]
[demo-egenslab.b-cdn.net/html/drivco/preview/assets/css/fonts/slickd41d.eot]
[demo-egenslab.b-cdn.net/html/drivco/preview/assets/css/fonts/slick.woff]
[demo-egenslab.b-cdn.net/html/drivco/preview/assets/css/fonts/slick.ttf]
[demo-egenslab.b-cdn.net/html/drivco/preview/assets/css/slick-theme.css]
[demo-egenslab.b-cdn.net/html/drivco/preview/assets/css/magnific-popup.css]
[demo-egenslab.b-cdn.net/html/drivco/preview/assets/css/fonts/slick.svg]
[demo-egenslab.b-cdn.net/html/drivco/preview/assets/fonts/boxicons.woff2]
[demo-egenslab.b-cdn.net/html/drivco/preview/assets/fonts/boxicons.eot]
[demo-egenslab.b-cdn.net/html/drivco/preview/assets/fonts/boxicons.woff]
[demo-egenslab.b-cdn.net/html/drivco/preview/assets/fonts/boxicons.ttf]
[demo-egenslab.b-cdn.net/html/drivco/preview/assets/css/boxicons.min.css]
[demo-egenslab.b-cdn.net/html/drivco/preview/assets/css/nice-select.css]
[demo-egenslab.b-cdn.net/html/drivco/preview/assets/img/home1/bannar1-bg.png]
[demo-egenslab.b-cdn.net/html/drivco/preview/assets/img/home2/bannar2-bg.jpg]
[demo-egenslab.b-cdn.net/html/drivco/preview/assets/fonts/boxiconsd41d.svg]
[demo-egenslab.b-cdn.net/html/drivco/preview/assets/img/home1/category1-bg.png]
[demo-egenslab.b-cdn.net/html/drivco/preview/assets/img/home1/icon/arrow-left.svg]
[demo-egenslab.b-cdn.net/html/drivco/preview/assets/img/home1/icon/arrow-right.svg]
[demo-egenslab.b-cdn.net/html/drivco/preview/assets/img/home1/why-choose-bg.png]
[demo-egenslab.b-cdn.net/html/drivco/preview/assets/img/home1/compare-bg.png]
[demo-egenslab.b-cdn.net/html/drivco/preview/assets/img/home1/shop-bg.png]
[demo-egenslab.b-cdn.net/html/drivco/preview/assets/img/home1/icon/shop-vec.svg]
[demo-egenslab.b-cdn.net/html/drivco/preview/assets/img/home1/icon/shop-vec2.svg]
[demo-egenslab.b-cdn.net/html/drivco/preview/assets/img/home1/customer-feedbac-bg1.png]
[demo-egenslab.b-cdn.net/html/drivco/preview/assets/img/home2/inner-banner-img.png]
[demo-egenslab.b-cdn.net/html/drivco/preview/assets/img/home2/compire-bg.png]
[demo-egenslab.b-cdn.net/html/drivco/preview/assets/img/home3/sm-banner.png]
[demo-egenslab.b-cdn.net/html/drivco/preview/assets/img/home4/search-area-bg.png]
[demo-egenslab.b-cdn.net/html/drivco/preview/assets/img/home5/icon/slick-prev.svg]
[demo-egenslab.b-cdn.net/html/drivco/preview/assets/img/home5/icon/slick-next.svg]
[demo-egenslab.b-cdn.net/html/drivco/preview/assets/img/inner-page/inner-bg.png]
[demo-egenslab.b-cdn.net/html/drivco/preview/assets/img/inner-page/inquary-form-bg.png]
[demo-egenslab.b-cdn.net/html/drivco/preview/assets/img/inner-page/product-wd-bg.png]
[demo-egenslab.b-cdn.net/html/drivco/preview/assets/img/inner-page/icon/checkbox-check.svg]
[demo-egenslab.b-cdn.net/html/drivco/preview/assets/img/inner-page/inquary-form-bg2.png]
[demo-egenslab.b-cdn.net/html/drivco/preview/assets/img/inner-page/toprated-used-cars.png]
[demo-egenslab.b-cdn.net/html/drivco/preview/assets/img/inner-page/category-bg.png]
[demo-egenslab.b-cdn.net/html/drivco/preview/assets/img/inner-page/compare-bg.png]
[demo-egenslab.b-cdn.net/html/drivco/preview/assets/css/style.css]
[demo-egenslab.b-cdn.net/html/drivco/preview/assets/img/sm-logo.svg]
[demo-egenslab.b-cdn.net/html/drivco/preview/assets/img/home1/icon/google.svg]
[demo-egenslab.b-cdn.net/html/drivco/preview/assets/img/home1/icon/facebook.svg]
[demo-egenslab.b-cdn.net/html/drivco/preview/assets/img/home1/icon/twiter.svg]
[demo-egenslab.b-cdn.net/html/drivco/preview/assets/img/logo.svg]
[demo-egenslab.b-cdn.net/html/drivco/preview/assets/img/sb-logo.svg]
[demo-egenslab.b-cdn.net/html/drivco/preview/assets/img/home2/icon/home2-logo.svg]
[demo-egenslab.b-cdn.net/html/drivco/preview/grid-left-sidebar.html]
[demo-egenslab.b-cdn.net/html/drivco/preview/assets/img/home2/icon/trustpilot-logo2.svg]
[demo-egenslab.b-cdn.net/html/drivco/preview/assets/img/home2/icon/text-slider-vec.svg]
[demo-egenslab.b-cdn.net/html/drivco/preview/assets/img/home2/icon/suzuki.svg]
[demo-egenslab.b-cdn.net/html/drivco/preview/assets/img/home2/icon/toyota.svg]
[demo-egenslab.b-cdn.net/html/drivco/preview/assets/img/home2/icon/tesla.svg]
[demo-egenslab.b-cdn.net/html/drivco/preview/assets/img/home2/icon/mazda.svg]
[demo-egenslab.b-cdn.net/html/drivco/preview/assets/img/home2/icon/audi.svg]
[demo-egenslab.b-cdn.net/html/drivco/preview/assets/img/home2/icon/tata.svg]
[demo-egenslab.b-cdn.net/html/drivco/preview/assets/img/home2/icon/mercedes.svg]
[demo-egenslab.b-cdn.net/html/drivco/preview/assets/img/home2/icon/mitsubidhi.svg]
[demo-egenslab.b-cdn.net/html/drivco/preview/assets/img/home2/icon/nissan.svg]
[demo-egenslab.b-cdn.net/html/drivco/preview/assets/img/home2/icon/volkswagen.svg]
[demo-egenslab.b-cdn.net/html/drivco/preview/assets/img/home2/icon/ferarri.svg]
[demo-egenslab.b-cdn.net/html/drivco/preview/assets/img/home2/icon/jeep.svg]
[demo-egenslab.b-cdn.net/html/drivco/preview/assets/img/home2/icon/body-01.svg]
[demo-egenslab.b-cdn.net/html/drivco/preview/assets/img/home2/icon/body-02.svg]
[demo-egenslab.b-cdn.net/html/drivco/preview/assets/img/home2/icon/body-03.svg]
[demo-egenslab.b-cdn.net/html/drivco/preview/assets/img/home2/icon/body-04.svg]
[demo-egenslab.b-cdn.net/html/drivco/preview/assets/img/home2/icon/panama.svg]
[demo-egenslab.b-cdn.net/html/drivco/preview/assets/img/home2/icon/sydne.svg]
[demo-egenslab.b-cdn.net/html/drivco/preview/assets/img/home2/icon/delhi.svg]
[demo-egenslab.b-cdn.net/html/drivco/preview/assets/img/home2/icon/new-work.svg]
[demo-egenslab.b-cdn.net/html/drivco/preview/assets/img/home2/icon/merchester.svg]
[demo-egenslab.b-cdn.net/html/drivco/preview/assets/img/home2/icon/abu-dabi.svg]
[demo-egenslab.b-cdn.net/html/drivco/preview/assets/img/home2/feature-1.png]
[demo-egenslab.b-cdn.net/html/drivco/preview/assets/img/home2/feature-2.png]
[demo-egenslab.b-cdn.net/html/drivco/preview/assets/img/home2/feature-3.png]
[demo-egenslab.b-cdn.net/html/drivco/preview/assets/img/home2/feature-4.png]
[demo-egenslab.b-cdn.net/html/drivco/preview/assets/img/home2/recent-launch-car-1.png]
[demo-egenslab.b-cdn.net/html/drivco/preview/assets/img/home2/recent-launch-car-2.png]
[demo-egenslab.b-cdn.net/html/drivco/preview/assets/img/home2/recent-launch-car-3.png]
[demo-egenslab.b-cdn.net/html/drivco/preview/assets/img/home2/recent-launch-car-4.png]
[demo-egenslab.b-cdn.net/html/drivco/preview/assets/img/home2/icon/premium.svg]
[demo-egenslab.b-cdn.net/html/drivco/preview/assets/img/home2/used-car-01.png]
[demo-egenslab.b-cdn.net/html/drivco/preview/assets/img/home2/icon/mercedes-2.svg]
[demo-egenslab.b-cdn.net/html/drivco/preview/assets/img/home2/used-car-02.png]
[demo-egenslab.b-cdn.net/html/drivco/preview/assets/img/home2/icon/volkswagen-2.svg]
[demo-egenslab.b-cdn.net/html/drivco/preview/assets/img/home2/used-car-03.png]
[demo-egenslab.b-cdn.net/html/drivco/preview/assets/img/home2/icon/toyota-2.svg]
[demo-egenslab.b-cdn.net/html/drivco/preview/assets/img/home2/used-car-04.png]
[demo-egenslab.b-cdn.net/html/drivco/preview/assets/img/home2/icon/mitsubishi-2.svg]
[demo-egenslab.b-cdn.net/html/drivco/preview/assets/img/home2/used-car-05.png]
[demo-egenslab.b-cdn.net/html/drivco/preview/assets/img/home2/icon/tata-2.svg]
[demo-egenslab.b-cdn.net/html/drivco/preview/assets/img/home2/used-car-06.png]
[demo-egenslab.b-cdn.net/html/drivco/preview/assets/img/home2/icon/mazda-2.svg]
[demo-egenslab.b-cdn.net/html/drivco/preview/assets/img/home2/used-car-07.png]
[demo-egenslab.b-cdn.net/html/drivco/preview/assets/img/home2/icon/suziki-2.svg]
[demo-egenslab.b-cdn.net/html/drivco/preview/assets/img/home2/used-car-08.png]
[demo-egenslab.b-cdn.net/html/drivco/preview/assets/img/home2/icon/audi-2.svg]
[demo-egenslab.b-cdn.net/html/drivco/preview/assets/img/home2/icon/loaction.svg]
[demo-egenslab.b-cdn.net/html/drivco/preview/assets/img/home2/icon/contact.svg]
[demo-egenslab.b-cdn.net/html/drivco/preview/assets/img/home2/icon/pay.svg]
[demo-egenslab.b-cdn.net/html/drivco/preview/assets/img/home2/icon/recieve.svg]
[demo-egenslab.b-cdn.net/html/drivco/preview/assets/img/home2/compire-left.png]
[demo-egenslab.b-cdn.net/html/drivco/preview/assets/img/home2/compire-right.png]
[demo-egenslab.b-cdn.net/html/drivco/preview/index2.html]
[demo-egenslab.b-cdn.net/html/drivco/preview/assets/img/home2/icon/trustpilot-logo3.svg]
[demo-egenslab.b-cdn.net/html/drivco/preview/assets/img/white-logo.svg]
[demo-egenslab.b-cdn.net/html/drivco/preview/assets/img/home3/home3-banner-img-1.png]
[demo-egenslab.b-cdn.net/html/drivco/preview/assets/img/home3/home3-banner-img-2.png]
[demo-egenslab.b-cdn.net/html/drivco/preview/assets/img/home3/home3-banner-img-3.png]
[demo-egenslab.b-cdn.net/html/drivco/preview/assets/img/home3/toyota.png]
[demo-egenslab.b-cdn.net/html/drivco/preview/assets/img/home3/mercedes.png]
[demo-egenslab.b-cdn.net/html/drivco/preview/assets/img/home3/suzuki.png]
[demo-egenslab.b-cdn.net/html/drivco/preview/assets/img/home3/tesla.png]
[demo-egenslab.b-cdn.net/html/drivco/preview/assets/img/home3/home3-feature-img1.png]
[demo-egenslab.b-cdn.net/html/drivco/preview/assets/img/home3/home3-feature-img2.png]
[demo-egenslab.b-cdn.net/html/drivco/preview/assets/img/home3/home3-feature-img3.png]
[demo-egenslab.b-cdn.net/html/drivco/preview/assets/img/home3/home3-feature-img4.png]
[demo-egenslab.b-cdn.net/html/drivco/preview/assets/img/home3/rlc-01.png]
[demo-egenslab.b-cdn.net/html/drivco/preview/assets/img/home3/rlc-02.png]
[demo-egenslab.b-cdn.net/html/drivco/preview/assets/img/home3/rlc-03.png]
[demo-egenslab.b-cdn.net/html/drivco/preview/assets/img/home3/rlc-04.png]
[demo-egenslab.b-cdn.net/html/drivco/preview/assets/img/home3/icon/home-choose-01.svg]
[demo-egenslab.b-cdn.net/html/drivco/preview/assets/img/home3/icon/home-choose-02.svg]
[demo-egenslab.b-cdn.net/html/drivco/preview/assets/img/home3/icon/home-choose-03.svg]
[demo-egenslab.b-cdn.net/html/drivco/preview/assets/img/home3/icon/home-choose-04.svg]
[demo-egenslab.b-cdn.net/html/drivco/preview/assets/img/home3/icon/home-choose-05.svg]
[demo-egenslab.b-cdn.net/html/drivco/preview/assets/img/home3/icon/inner-banner-logo.svg]
[demo-egenslab.b-cdn.net/html/drivco/preview/assets/img/home3/home3-inner-banner-img.png]
[demo-egenslab.b-cdn.net/html/drivco/preview/assets/img/home3/icon/Discount.svg]
[demo-egenslab.b-cdn.net/html/drivco/preview/assets/img/home3/tesla2.png]
[demo-egenslab.b-cdn.net/html/drivco/preview/assets/img/home3/bmw2.png]
[demo-egenslab.b-cdn.net/html/drivco/preview/assets/img/home3/mazda2.png]
[demo-egenslab.b-cdn.net/html/drivco/preview/assets/img/home3/suzuki2.png]
[demo-egenslab.b-cdn.net/html/drivco/preview/assets/img/home3/hyunday2.png]
[demo-egenslab.b-cdn.net/html/drivco/preview/assets/img/home3/jeep2.png]
[demo-egenslab.b-cdn.net/html/drivco/preview/assets/img/home3/home3-testi-01.png]
[demo-egenslab.b-cdn.net/html/drivco/preview/assets/img/home3/home3-testi-02.png]
[demo-egenslab.b-cdn.net/html/drivco/preview/assets/img/home3/home3-testi-03.png]
[demo-egenslab.b-cdn.net/html/drivco/preview/assets/img/home3/home3-testi-04.png]
[demo-egenslab.b-cdn.net/html/drivco/preview/assets/img/home3/home3-testi-05.png]
[demo-egenslab.b-cdn.net/html/drivco/preview/assets/img/home3/home3-testi-06.png]
[demo-egenslab.b-cdn.net/html/drivco/preview/assets/img/home3/icon/quat.svg]
[demo-egenslab.b-cdn.net/html/drivco/preview/assets/img/home3/home3-testi-main-01.png]
[demo-egenslab.b-cdn.net/html/drivco/preview/index3.html]
[demo-egenslab.b-cdn.net/html/drivco/preview/assets/video/home4/car-video.mp4]
[demo-egenslab.b-cdn.net/html/drivco/preview/assets/img/home4/icon/check.svg]
[demo-egenslab.b-cdn.net/html/drivco/preview/assets/img/home4/icon/sedan.svg]
[demo-egenslab.b-cdn.net/html/drivco/preview/assets/img/home4/icon/suv's.svg]
[demo-egenslab.b-cdn.net/html/drivco/preview/assets/img/home4/icon/truck.svg]
[demo-egenslab.b-cdn.net/html/drivco/preview/assets/img/home4/letest-car1.png]
[demo-egenslab.b-cdn.net/html/drivco/preview/assets/img/home4/icon/miles.svg]
[demo-egenslab.b-cdn.net/html/drivco/preview/assets/img/home4/icon/fuel.svg]
[demo-egenslab.b-cdn.net/html/drivco/preview/assets/img/home4/icon/electric.svg]
[demo-egenslab.b-cdn.net/html/drivco/preview/assets/img/home4/letest-car3.png]
[demo-egenslab.b-cdn.net/html/drivco/preview/assets/img/home4/letest-car2.png]
[demo-egenslab.b-cdn.net/html/drivco/preview/assets/img/home4/inner-banner-img1.png]
[demo-egenslab.b-cdn.net/html/drivco/preview/assets/img/home4/inner-banner-img2.png]
[demo-egenslab.b-cdn.net/html/drivco/preview/assets/img/home4/compare-11.png]
[demo-egenslab.b-cdn.net/html/drivco/preview/assets/img/home4/compare-13.png]
[demo-egenslab.b-cdn.net/html/drivco/preview/assets/img/home4/compare-14.png]
[demo-egenslab.b-cdn.net/html/drivco/preview/assets/img/home4/compare-15.png]
[demo-egenslab.b-cdn.net/html/drivco/preview/assets/img/home4/compare-16.png]
[demo-egenslab.b-cdn.net/html/drivco/preview/index4.html]
[demo-egenslab.b-cdn.net/html/drivco/preview/assets/img/green-logo.svg]
[demo-egenslab.b-cdn.net/html/drivco/preview/assets/img/home5/home5-banner-img-01.png]
[demo-egenslab.b-cdn.net/html/drivco/preview/assets/img/home5/home5-banner-img-02.png]
[demo-egenslab.b-cdn.net/html/drivco/preview/assets/img/home5/home5-banner-img-03.png]
[demo-egenslab.b-cdn.net/html/drivco/preview/assets/img/home5/feature-car-01.png]
[demo-egenslab.b-cdn.net/html/drivco/preview/assets/img/home4/icon/menual.svg]
[demo-egenslab.b-cdn.net/html/drivco/preview/assets/img/home5/feature-car-02.png]
[demo-egenslab.b-cdn.net/html/drivco/preview/assets/img/home5/feature-car-03.png]
[demo-egenslab.b-cdn.net/html/drivco/preview/assets/img/home5/feature-car-04.png]
[demo-egenslab.b-cdn.net/html/drivco/preview/assets/img/home5/icon/tata.svg]
[demo-egenslab.b-cdn.net/html/drivco/preview/assets/img/home5/icon/mercedes.svg]
[demo-egenslab.b-cdn.net/html/drivco/preview/assets/img/home5/icon/toyota.svg]
[demo-egenslab.b-cdn.net/html/drivco/preview/assets/img/home5/icon/tesla.svg]
[demo-egenslab.b-cdn.net/html/drivco/preview/assets/img/home5/icon/mazda.svg]
[demo-egenslab.b-cdn.net/html/drivco/preview/assets/img/home5/icon/safe.svg]
[demo-egenslab.b-cdn.net/html/drivco/preview/assets/img/home5/icon/warranty.svg]
[demo-egenslab.b-cdn.net/html/drivco/preview/assets/img/home5/icon/hassle.svg]
[demo-egenslab.b-cdn.net/html/drivco/preview/assets/img/home5/why-drivco.png]
[demo-egenslab.b-cdn.net/html/drivco/preview/assets/img/home5/product-st-01.png]
[demo-egenslab.b-cdn.net/html/drivco/preview/assets/img/home5/product-st-02.png]
[demo-egenslab.b-cdn.net/html/drivco/preview/assets/img/home5/product-st-03.png]
[demo-egenslab.b-cdn.net/html/drivco/preview/assets/img/home5/product-st-04.png]
[demo-egenslab.b-cdn.net/html/drivco/preview/assets/img/home5/comoare-01.png]
[demo-egenslab.b-cdn.net/html/drivco/preview/assets/img/home5/comoare-02.png]
[demo-egenslab.b-cdn.net/html/drivco/preview/assets/img/home5/comoare-03.png]
[demo-egenslab.b-cdn.net/html/drivco/preview/assets/img/home5/comoare-04.png]
[demo-egenslab.b-cdn.net/html/drivco/preview/assets/img/home5/comoare-05.png]
[demo-egenslab.b-cdn.net/html/drivco/preview/assets/img/home5/comoare-06.png]
[demo-egenslab.b-cdn.net/html/drivco/preview/index5.html]
[demo-egenslab.b-cdn.net/html/drivco/preview/assets/img/home6/icon/banner-icon.svg]
[demo-egenslab.b-cdn.net/html/drivco/preview/assets/img/home6/banner-img-01.png]
[demo-egenslab.b-cdn.net/html/drivco/preview/assets/img/home6/banner-img-02.png]
[demo-egenslab.b-cdn.net/html/drivco/preview/assets/img/home6/banner-img-03.png]
[demo-egenslab.b-cdn.net/html/drivco/preview/assets/img/home6/product-img-01.png]
[demo-egenslab.b-cdn.net/html/drivco/preview/assets/img/home6/product-img-02.png]
[demo-egenslab.b-cdn.net/html/drivco/preview/assets/img/home6/product-img-03.png]
[demo-egenslab.b-cdn.net/html/drivco/preview/assets/img/home6/product-img-04.png]
[demo-egenslab.b-cdn.net/html/drivco/preview/assets/img/home6/product-img-05.png]
[demo-egenslab.b-cdn.net/html/drivco/preview/assets/img/home6/product-img-06.png]
[demo-egenslab.b-cdn.net/html/drivco/preview/assets/img/home1/cc-sucuki.png]
[demo-egenslab.b-cdn.net/html/drivco/preview/index6.html]
[demo-egenslab.b-cdn.net/html/drivco/preview/assets/img/inner-page/inner-banner-img.png]
[demo-egenslab.b-cdn.net/html/drivco/preview/assets/img/inner-page/car-product-01.png]
[demo-egenslab.b-cdn.net/html/drivco/preview/assets/img/inner-page/car-product-02.png]
[demo-egenslab.b-cdn.net/html/drivco/preview/assets/img/inner-page/car-product-03.png]
[demo-egenslab.b-cdn.net/html/drivco/preview/assets/img/inner-page/car-product-04.png]
[demo-egenslab.b-cdn.net/html/drivco/preview/assets/img/inner-page/car-product-05.png]
[demo-egenslab.b-cdn.net/html/drivco/preview/assets/img/inner-page/car-product-06.png]
[demo-egenslab.b-cdn.net/html/drivco/preview/assets/img/inner-page/car-product-07.png]
[demo-egenslab.b-cdn.net/html/drivco/preview/assets/img/inner-page/car-product-08.png]
[demo-egenslab.b-cdn.net/html/drivco/preview/assets/img/inner-page/car-product-09.png]
[demo-egenslab.b-cdn.net/html/drivco/preview/assets/img/inner-page/car-product-10.png]
[demo-egenslab.b-cdn.net/html/drivco/preview/assets/img/inner-page/car-product-11.png]
[demo-egenslab.b-cdn.net/html/drivco/preview/assets/img/inner-page/car-product-12.png]
[demo-egenslab.b-cdn.net/html/drivco/preview/assets/img/inner-page/car-product-13.png]
[demo-egenslab.b-cdn.net/html/drivco/preview/assets/img/inner-page/car-product-14.png]
[demo-egenslab.b-cdn.net/html/drivco/preview/assets/img/inner-page/car-product-15.png]
[demo-egenslab.b-cdn.net/html/drivco/preview/assets/img/inner-page/car-product-16.png]
[demo-egenslab.b-cdn.net/html/drivco/preview/single-brand-category.html]
[demo-egenslab.b-cdn.net/html/drivco/preview/assets/img/menu-icon/merchedes.svg]
[demo-egenslab.b-cdn.net/html/drivco/preview/assets/img/menu-icon/volkswagen.svg]
[demo-egenslab.b-cdn.net/html/drivco/preview/assets/img/menu-icon/ferrari.svg]
[demo-egenslab.b-cdn.net/html/drivco/preview/assets/img/menu-icon/mazda.svg]
[demo-egenslab.b-cdn.net/html/drivco/preview/assets/img/menu-icon/mitsubishi.svg]
[demo-egenslab.b-cdn.net/html/drivco/preview/assets/img/menu-icon/lamborghini.svg]
[demo-egenslab.b-cdn.net/html/drivco/preview/assets/img/menu-icon/tesla.svg]
[demo-egenslab.b-cdn.net/html/drivco/preview/assets/img/menu-icon/toyota.svg]
[demo-egenslab.b-cdn.net/html/drivco/preview/assets/img/inner-page/icon/category-car1.svg]
[demo-egenslab.b-cdn.net/html/drivco/preview/brand-category.html]
[demo-egenslab.b-cdn.net/html/drivco/preview/assets/img/menu-icon/panama.svg]
[demo-egenslab.b-cdn.net/html/drivco/preview/assets/img/menu-icon/sydne.svg]
[demo-egenslab.b-cdn.net/html/drivco/preview/assets/img/menu-icon/melbourne.svg]
[demo-egenslab.b-cdn.net/html/drivco/preview/assets/img/menu-icon/delhi.svg]
[demo-egenslab.b-cdn.net/html/drivco/preview/assets/img/menu-icon/newYork.svg]
[demo-egenslab.b-cdn.net/html/drivco/preview/assets/img/menu-icon/menchester.svg]
[demo-egenslab.b-cdn.net/html/drivco/preview/assets/img/menu-icon/greece.svg]
[demo-egenslab.b-cdn.net/html/drivco/preview/assets/img/menu-icon/abudabi.svg]
[demo-egenslab.b-cdn.net/html/drivco/preview/assets/img/inner-page/icon/category-car2.svg]
[demo-egenslab.b-cdn.net/html/drivco/preview/assets/img/inner-page/signature.svg]
[demo-egenslab.b-cdn.net/html/drivco/preview/assets/img/inner-page/gallery-01.png]
[demo-egenslab.b-cdn.net/html/drivco/preview/assets/img/inner-page/gallery-02.png]
[demo-egenslab.b-cdn.net/html/drivco/preview/assets/img/inner-page/gallery-03.png]
[demo-egenslab.b-cdn.net/html/drivco/preview/assets/img/inner-page/gallery-04.png]
[demo-egenslab.b-cdn.net/html/drivco/preview/assets/img/inner-page/gallery-05.png]
[demo-egenslab.b-cdn.net/html/drivco/preview/assets/img/inner-page/gallery-06.png]
[demo-egenslab.b-cdn.net/html/drivco/preview/about.html]
[demo-egenslab.b-cdn.net/html/drivco/preview/assets/img/inner-page/product-sb-img-01.png]
[demo-egenslab.b-cdn.net/html/drivco/preview/assets/img/inner-page/product-sb-img-02.png]
[demo-egenslab.b-cdn.net/html/drivco/preview/assets/img/inner-page/product-sb-img-03.png]
[demo-egenslab.b-cdn.net/html/drivco/preview/assets/img/inner-page/product-sb-img-04.png]
[demo-egenslab.b-cdn.net/html/drivco/preview/assets/img/inner-page/product-sb-img-08.png]
[demo-egenslab.b-cdn.net/html/drivco/preview/assets/img/home1/icon/mitsibisi-01.svg]
[demo-egenslab.b-cdn.net/html/drivco/preview/assets/img/inner-page/product-sb-img-05.png]
[demo-egenslab.b-cdn.net/html/drivco/preview/assets/img/home1/icon/audi-1.svg]
[demo-egenslab.b-cdn.net/html/drivco/preview/assets/img/inner-page/product-sb-img-06.png]
[demo-egenslab.b-cdn.net/html/drivco/preview/assets/img/home1/icon/mazda-1.svg]
[demo-egenslab.b-cdn.net/html/drivco/preview/assets/img/inner-page/product-sb-img-07.png]
[demo-egenslab.b-cdn.net/html/drivco/preview/assets/img/inner-page/product-sb-img-09.png]
[demo-egenslab.b-cdn.net/html/drivco/preview/assets/img/home1/icon/nissan-1.svg]
[demo-egenslab.b-cdn.net/html/drivco/preview/car-listing-left-sidebar.html]
[demo-egenslab.b-cdn.net/html/drivco/preview/car-listing-right-sidebar.html]
[demo-egenslab.b-cdn.net/html/drivco/preview/car-listing-no-sidebar.html]
[demo-egenslab.b-cdn.net/html/drivco/preview/special-offer.html]
[demo-egenslab.b-cdn.net/html/drivco/preview/assets/img/home1/icon/jeep-1.svg]
[demo-egenslab.b-cdn.net/html/drivco/preview/assets/css/intlTelInput.css]
[demo-egenslab.b-cdn.net/html/drivco/preview/assets/img/inner-page/car-dt-banner-img.png]
[demo-egenslab.b-cdn.net/html/drivco/preview/assets/img/inner-page/product-img-02.png]
[demo-egenslab.b-cdn.net/html/drivco/preview/assets/img/inner-page/product-img-03.png]
[demo-egenslab.b-cdn.net/html/drivco/preview/assets/img/inner-page/product-img-04.png]
[demo-egenslab.b-cdn.net/html/drivco/preview/assets/img/inner-page/interior-01.png]
[demo-egenslab.b-cdn.net/html/drivco/preview/assets/img/inner-page/interior-02.png]
[demo-egenslab.b-cdn.net/html/drivco/preview/assets/img/inner-page/interior-03.png]
[demo-egenslab.b-cdn.net/html/drivco/preview/assets/img/inner-page/color-car-05.png]
[demo-egenslab.b-cdn.net/html/drivco/preview/assets/img/inner-page/color-car-06.png]
[demo-egenslab.b-cdn.net/html/drivco/preview/assets/img/inner-page/color-car-07.png]
[demo-egenslab.b-cdn.net/html/drivco/preview/assets/img/inner-page/color-car-08.png]
[demo-egenslab.b-cdn.net/html/drivco/preview/assets/img/inner-page/icon/mileage.svg]
[demo-egenslab.b-cdn.net/html/drivco/preview/assets/img/inner-page/icon/engine.svg]
[demo-egenslab.b-cdn.net/html/drivco/preview/assets/img/inner-page/icon/fuel.svg]
[demo-egenslab.b-cdn.net/html/drivco/preview/assets/img/inner-page/icon/condition.svg]
[demo-egenslab.b-cdn.net/html/drivco/preview/assets/img/inner-page/color-car-01.png]
[demo-egenslab.b-cdn.net/html/drivco/preview/assets/img/inner-page/color-car-02.png]
[demo-egenslab.b-cdn.net/html/drivco/preview/assets/img/inner-page/color-car-03.png]
[demo-egenslab.b-cdn.net/html/drivco/preview/assets/img/inner-page/color-car-04.png]
[demo-egenslab.b-cdn.net/html/drivco/preview/assets/img/inner-page/comment-author-01.png]
[demo-egenslab.b-cdn.net/html/drivco/preview/assets/img/inner-page/comment-author-02.png]
[demo-egenslab.b-cdn.net/html/drivco/preview/assets/img/inner-page/comment-author-03.png]
[demo-egenslab.b-cdn.net/html/drivco/preview/assets/img/inner-page/comment-author-04.png]
[demo-egenslab.b-cdn.net/html/drivco/preview/assets/img/inner-page/comment-author-05.png]
[demo-egenslab.b-cdn.net/html/drivco/preview/assets/img/inner-page/sb-img-01.png]
[demo-egenslab.b-cdn.net/html/drivco/preview/assets/img/inner-page/sb-img-02.png]
[demo-egenslab.b-cdn.net/html/drivco/preview/assets/img/inner-page/sb-img-03.png]
[demo-egenslab.b-cdn.net/html/drivco/preview/assets/img/inner-page/sb-img-04.png]
[demo-egenslab.b-cdn.net/html/drivco/preview/car-deatils.html]
[demo-egenslab.b-cdn.net/html/drivco/preview/assets/js/intlTelInput.min.js]
[demo-egenslab.b-cdn.net/html/drivco/preview/car-auction-details.html]
[demo-egenslab.b-cdn.net/html/drivco/preview/compare.html]
[demo-egenslab.b-cdn.net/html/drivco/preview/assets/img/inner-page/product-dt-bannner-img.png]
[demo-egenslab.b-cdn.net/html/drivco/preview/assets/img/inner-page/recent-prodect-img-01.png]
[demo-egenslab.b-cdn.net/html/drivco/preview/assets/img/inner-page/recent-prodect-img-02.png]
[demo-egenslab.b-cdn.net/html/drivco/preview/assets/img/inner-page/recent-prodect-img-03.png]
[demo-egenslab.b-cdn.net/html/drivco/preview/assets/img/inner-page/Product-01.png]
[demo-egenslab.b-cdn.net/html/drivco/preview/assets/img/inner-page/Product-02.png]
[demo-egenslab.b-cdn.net/html/drivco/preview/assets/img/inner-page/Product-03.png]
[demo-egenslab.b-cdn.net/html/drivco/preview/assets/img/inner-page/Product-04.png]
[demo-egenslab.b-cdn.net/html/drivco/preview/assets/img/inner-page/Product-05.png]
[demo-egenslab.b-cdn.net/html/drivco/preview/assets/img/inner-page/Product-06.png]
[demo-egenslab.b-cdn.net/html/drivco/preview/assets/img/inner-page/Product-07.png]
[demo-egenslab.b-cdn.net/html/drivco/preview/assets/img/inner-page/Product-08.png]
[demo-egenslab.b-cdn.net/html/drivco/preview/assets/img/inner-page/Product-09.png]
[demo-egenslab.b-cdn.net/html/drivco/preview/shop.html]
[demo-egenslab.b-cdn.net/html/drivco/preview/assets/img/inner-page/shop-big-01.png]
[demo-egenslab.b-cdn.net/html/drivco/preview/assets/img/inner-page/shop-sm-01.png]
[demo-egenslab.b-cdn.net/html/drivco/preview/cart.html]
[demo-egenslab.b-cdn.net/html/drivco/preview/product-details.html]
[demo-egenslab.b-cdn.net/html/drivco/preview/assets/img/inner-page/icon/PayPal.svg]
[demo-egenslab.b-cdn.net/html/drivco/preview/assets/img/inner-page/icon/Stripe.svg]
[demo-egenslab.b-cdn.net/html/drivco/preview/checkout.html]
[demo-egenslab.b-cdn.net/html/drivco/preview/assets/img/inner-page/icon/Offline.svg]
[demo-egenslab.b-cdn.net/html/drivco/preview/assets/img/inner-page/blog-dt-bannner-img.png]
[demo-egenslab.b-cdn.net/html/drivco/preview/assets/img/inner-page/blog-st-01.png]
[demo-egenslab.b-cdn.net/html/drivco/preview/assets/img/inner-page/blog-st-02.png]
[demo-egenslab.b-cdn.net/html/drivco/preview/assets/img/inner-page/blog-st-03.png]
[demo-egenslab.b-cdn.net/html/drivco/preview/assets/img/inner-page/sb-banner-img.png]
[demo-egenslab.b-cdn.net/html/drivco/preview/blog-standard.html]
[demo-egenslab.b-cdn.net/html/drivco/preview/assets/img/inner-page/log-dt-img1.png]
[demo-egenslab.b-cdn.net/html/drivco/preview/assets/img/inner-page/log-dt-img2.png]
[demo-egenslab.b-cdn.net/html/drivco/preview/blog-details.html]
[demo-egenslab.b-cdn.net/html/drivco/preview/assets/img/inner-page/faq-img.png]
[demo-egenslab.b-cdn.net/html/drivco/preview/faq.html]
[demo-egenslab.b-cdn.net/html/drivco/preview/error.html]
[demo-egenslab.b-cdn.net/html/drivco/preview/customer-review.html]
[demo-egenslab.b-cdn.net/html/drivco/preview/return-enchange.html]
[demo-egenslab.b-cdn.net/html/drivco/preview/contact.html]
[demo-egenslab.b-cdn.net/html/drivco/preview/assets/img/home1/icon/hotline-icon.svg]
[demo-egenslab.b-cdn.net/html/drivco/preview/assets/img/home1/icon/trstpilot-logo.svg]
[demo-egenslab.b-cdn.net/html/drivco/preview/assets/img/home1/icon/trustpilot-star.svg]
[demo-egenslab.b-cdn.net/html/drivco/preview/assets/img/home1/icon/google-logo.svg]
[demo-egenslab.b-cdn.net/html/drivco/preview/assets/img/home1/icon/car-01.svg]
[demo-egenslab.b-cdn.net/html/drivco/preview/assets/img/home1/icon/suzuki.svg]
[demo-egenslab.b-cdn.net/html/drivco/preview/assets/img/home1/icon/suzuki-car.svg]
[demo-egenslab.b-cdn.net/html/drivco/preview/assets/img/home1/icon/bmw.svg]
[demo-egenslab.b-cdn.net/html/drivco/preview/assets/img/home1/icon/bmw-car.svg]
[demo-egenslab.b-cdn.net/html/drivco/preview/assets/img/home1/icon/toyota.svg]
[demo-egenslab.b-cdn.net/html/drivco/preview/assets/img/home1/icon/toyota-car.svg]
[demo-egenslab.b-cdn.net/html/drivco/preview/assets/img/home1/icon/tesla.svg]
[demo-egenslab.b-cdn.net/html/drivco/preview/assets/img/home1/icon/tesla-car.svg]
[demo-egenslab.b-cdn.net/html/drivco/preview/assets/img/home1/icon/honda.svg]
[demo-egenslab.b-cdn.net/html/drivco/preview/assets/img/home1/icon/honda-car.svg]
[demo-egenslab.b-cdn.net/html/drivco/preview/assets/img/home1/icon/mazda.svg]
[demo-egenslab.b-cdn.net/html/drivco/preview/assets/img/home1/icon/mazda-car.svg]
[demo-egenslab.b-cdn.net/html/drivco/preview/assets/img/home1/icon/gallery-icon-1.svg]
[demo-egenslab.b-cdn.net/html/drivco/preview/assets/img/home1/icon/mercedes-01.svg]
[demo-egenslab.b-cdn.net/html/drivco/preview/assets/img/home1/icon/tesla-01.svg]
[demo-egenslab.b-cdn.net/html/drivco/preview/assets/img/home1/icon/toyota-01.svg]
[demo-egenslab.b-cdn.net/html/drivco/preview/assets/img/home1/icon/hyundai-01.svg]
[demo-egenslab.b-cdn.net/html/drivco/preview/assets/img/home1/icon/jeep-01.svg]
[demo-egenslab.b-cdn.net/html/drivco/preview/assets/img/home1/icon/bmw-10.svg]
[demo-egenslab.b-cdn.net/html/drivco/preview/assets/img/home1/icon/affordable.svg]
[demo-egenslab.b-cdn.net/html/drivco/preview/assets/img/home1/icon/guarantee.svg]
[demo-egenslab.b-cdn.net/html/drivco/preview/assets/img/home1/icon/warranty.svg]
[demo-egenslab.b-cdn.net/html/drivco/preview/assets/img/home1/icon/av-car.svg]
[demo-egenslab.b-cdn.net/html/drivco/preview/assets/img/home1/icon/sold-car.svg]
[demo-egenslab.b-cdn.net/html/drivco/preview/assets/img/home1/icon/use-car.svg]
[demo-egenslab.b-cdn.net/html/drivco/preview/assets/img/home1/icon/happy-customar.svg]
[demo-egenslab.b-cdn.net/html/drivco/preview/assets/img/home1/icon/trustpilot-star2.svg]
[demo-egenslab.b-cdn.net/html/drivco/preview/assets/img/home1/icon/trustpilot-logo.svg]
[demo-egenslab.b-cdn.net/html/drivco/preview/assets/img/home1/icon/suzuki-1.svg]
[demo-egenslab.b-cdn.net/html/drivco/preview/assets/img/home1/icon/text-slider-vec.svg]
[demo-egenslab.b-cdn.net/html/drivco/preview/assets/img/home1/icon/trustpilot-star3.svg]
[demo-egenslab.b-cdn.net/html/drivco/preview/assets/img/home1/icon/trustpilot-log3.svg]
[demo-egenslab.b-cdn.net/html/drivco/preview/assets/img/home1/icon/google3.svg]
[demo-egenslab.b-cdn.net/html/drivco/preview/assets/img/home1/icon/google-app.svg]
[demo-egenslab.b-cdn.net/html/drivco/preview/assets/img/home1/icon/apple-app.svg]
[demo-egenslab.b-cdn.net/html/drivco/preview/assets/img/footer-logo.svg]
[demo-egenslab.b-cdn.net/html/drivco/preview/assets/webfonts/fa-brands-400.svg]
[demo-egenslab.b-cdn.net/html/drivco/preview/assets/webfonts/fa-regular-400.svg]
[demo-egenslab.b-cdn.net/html/drivco/preview/assets/img/inner-page/404.svg]
[demo-egenslab.b-cdn.net/html/drivco/preview/assets/webfonts/fa-solid-900.svg]
[demo-egenslab.b-cdn.net/html/drivco/preview/assets/css/fonts/slick.svg]
[demo-egenslab.b-cdn.net/html/drivco/preview/assets/fonts/boxiconsd41d.svg]
[demo-egenslab.b-cdn.net/html/drivco/preview/assets/img/home1/icon/arrow-left.svg]
[demo-egenslab.b-cdn.net/html/drivco/preview/assets/img/home1/icon/arrow-right.svg]
[demo-egenslab.b-cdn.net/html/drivco/preview/assets/img/home1/icon/shop-vec.svg]
[demo-egenslab.b-cdn.net/html/drivco/preview/assets/img/home1/icon/shop-vec2.svg]
[demo-egenslab.b-cdn.net/html/drivco/preview/assets/img/home5/icon/slick-prev.svg]
[demo-egenslab.b-cdn.net/html/drivco/preview/assets/img/home5/icon/slick-next.svg]
[demo-egenslab.b-cdn.net/html/drivco/preview/assets/img/inner-page/icon/checkbox-check.svg]
[demo-egenslab.b-cdn.net/html/drivco/preview/assets/img/sb-logo.svg]
[demo-egenslab.b-cdn.net/html/drivco/preview/assets/img/home2/icon/home2-logo.svg]
[demo-egenslab.b-cdn.net/html/drivco/preview/grid-left-sidebar.html]
[demo-egenslab.b-cdn.net/html/drivco/preview/assets/img/home2/icon/trustpilot-logo2.svg]
[demo-egenslab.b-cdn.net/html/drivco/preview/assets/img/home2/icon/text-slider-vec.svg]
[demo-egenslab.b-cdn.net/html/drivco/preview/assets/img/home2/icon/suzuki.svg]
[demo-egenslab.b-cdn.net/html/drivco/preview/assets/img/home2/icon/toyota.svg]
[demo-egenslab.b-cdn.net/html/drivco/preview/assets/img/home2/icon/tesla.svg]
[demo-egenslab.b-cdn.net/html/drivco/preview/assets/img/home2/icon/mazda.svg]
[demo-egenslab.b-cdn.net/html/drivco/preview/assets/img/home2/icon/audi.svg]
[demo-egenslab.b-cdn.net/html/drivco/preview/assets/img/home2/icon/tata.svg]
[demo-egenslab.b-cdn.net/html/drivco/preview/assets/img/home2/icon/mercedes.svg]
[demo-egenslab.b-cdn.net/html/drivco/preview/assets/img/home2/icon/mitsubidhi.svg]
[demo-egenslab.b-cdn.net/html/drivco/preview/assets/img/home2/icon/nissan.svg]
[demo-egenslab.b-cdn.net/html/drivco/preview/assets/img/home2/icon/volkswagen.svg]
[demo-egenslab.b-cdn.net/html/drivco/preview/assets/img/home2/icon/ferarri.svg]
[demo-egenslab.b-cdn.net/html/drivco/preview/assets/img/home2/icon/jeep.svg]
[demo-egenslab.b-cdn.net/html/drivco/preview/assets/img/home2/icon/body-01.svg]
[demo-egenslab.b-cdn.net/html/drivco/preview/assets/img/home2/icon/body-02.svg]
[demo-egenslab.b-cdn.net/html/drivco/preview/assets/img/home2/icon/body-03.svg]
[demo-egenslab.b-cdn.net/html/drivco/preview/assets/img/home2/icon/body-04.svg]
[demo-egenslab.b-cdn.net/html/drivco/preview/assets/img/home2/icon/panama.svg]
[demo-egenslab.b-cdn.net/html/drivco/preview/assets/img/home2/icon/sydne.svg]
[demo-egenslab.b-cdn.net/html/drivco/preview/assets/img/home2/icon/delhi.svg]
[demo-egenslab.b-cdn.net/html/drivco/preview/assets/img/home2/icon/new-work.svg]
[demo-egenslab.b-cdn.net/html/drivco/preview/assets/img/home2/icon/merchester.svg]
[demo-egenslab.b-cdn.net/html/drivco/preview/assets/img/home2/icon/abu-dabi.svg]
[demo-egenslab.b-cdn.net/html/drivco/preview/assets/img/home2/icon/premium.svg]
[demo-egenslab.b-cdn.net/html/drivco/preview/assets/img/home2/icon/mercedes-2.svg]
[demo-egenslab.b-cdn.net/html/drivco/preview/assets/img/home2/icon/volkswagen-2.svg]
[demo-egenslab.b-cdn.net/html/drivco/preview/assets/img/home2/icon/toyota-2.svg]
[demo-egenslab.b-cdn.net/html/drivco/preview/assets/img/home2/icon/mitsubishi-2.svg]
[demo-egenslab.b-cdn.net/html/drivco/preview/assets/img/home2/icon/tata-2.svg]
[demo-egenslab.b-cdn.net/html/drivco/preview/assets/img/home2/icon/mazda-2.svg]
[demo-egenslab.b-cdn.net/html/drivco/preview/assets/img/home2/icon/suziki-2.svg]
[demo-egenslab.b-cdn.net/html/drivco/preview/assets/img/home2/icon/audi-2.svg]
[demo-egenslab.b-cdn.net/html/drivco/preview/assets/img/home2/icon/loaction.svg]
[demo-egenslab.b-cdn.net/html/drivco/preview/assets/img/home2/icon/contact.svg]
[demo-egenslab.b-cdn.net/html/drivco/preview/assets/img/home2/icon/pay.svg]
[demo-egenslab.b-cdn.net/html/drivco/preview/assets/img/home2/icon/recieve.svg]
[demo-egenslab.b-cdn.net/html/drivco/preview/assets/img/home2/icon/trustpilot-logo3.svg]
[demo-egenslab.b-cdn.net/html/drivco/preview/assets/img/white-logo.svg]
[demo-egenslab.b-cdn.net/html/drivco/preview/assets/img/home3/icon/home-choose-01.svg]
[demo-egenslab.b-cdn.net/html/drivco/preview/assets/img/home3/icon/home-choose-02.svg]
[demo-egenslab.b-cdn.net/html/drivco/preview/assets/img/home3/icon/home-choose-03.svg]
[demo-egenslab.b-cdn.net/html/drivco/preview/assets/img/home3/icon/home-choose-04.svg]
[demo-egenslab.b-cdn.net/html/drivco/preview/assets/img/home3/icon/home-choose-05.svg]
[demo-egenslab.b-cdn.net/html/drivco/preview/assets/img/home3/icon/inner-banner-logo.svg]
[demo-egenslab.b-cdn.net/html/drivco/preview/assets/img/home3/icon/Discount.svg]
[demo-egenslab.b-cdn.net/html/drivco/preview/assets/img/home3/icon/quat.svg]
[demo-egenslab.b-cdn.net/html/drivco/preview/assets/img/home4/icon/check.svg]
[demo-egenslab.b-cdn.net/html/drivco/preview/assets/img/home4/icon/sedan.svg]
[demo-egenslab.b-cdn.net/html/drivco/preview/assets/img/home4/icon/suv's.svg]
[demo-egenslab.b-cdn.net/html/drivco/preview/assets/img/home4/icon/truck.svg]
[demo-egenslab.b-cdn.net/html/drivco/preview/assets/img/home4/icon/miles.svg]
[demo-egenslab.b-cdn.net/html/drivco/preview/assets/img/home4/icon/fuel.svg]
[demo-egenslab.b-cdn.net/html/drivco/preview/assets/img/home4/icon/electric.svg]
[demo-egenslab.b-cdn.net/html/drivco/preview/assets/img/green-logo.svg]
[demo-egenslab.b-cdn.net/html/drivco/preview/assets/img/home4/icon/menual.svg]
[demo-egenslab.b-cdn.net/html/drivco/preview/assets/img/home5/icon/tata.svg]
[demo-egenslab.b-cdn.net/html/drivco/preview/assets/img/home5/icon/mercedes.svg]
[demo-egenslab.b-cdn.net/html/drivco/preview/assets/img/home5/icon/toyota.svg]
[demo-egenslab.b-cdn.net/html/drivco/preview/assets/img/home5/icon/tesla.svg]
[demo-egenslab.b-cdn.net/html/drivco/preview/assets/img/home5/icon/mazda.svg]
[demo-egenslab.b-cdn.net/html/drivco/preview/assets/img/home5/icon/safe.svg]
[demo-egenslab.b-cdn.net/html/drivco/preview/assets/img/home5/icon/warranty.svg]
[demo-egenslab.b-cdn.net/html/drivco/preview/assets/img/home5/icon/hassle.svg]
[demo-egenslab.b-cdn.net/html/drivco/preview/assets/img/home6/icon/banner-icon.svg]
[demo-egenslab.b-cdn.net/html/drivco/preview/assets/img/inner-page/icon/category-car1.svg]
[demo-egenslab.b-cdn.net/html/drivco/preview/assets/img/inner-page/icon/category-car2.svg]
[demo-egenslab.b-cdn.net/html/drivco/preview/assets/img/inner-page/signature.svg]
[demo-egenslab.b-cdn.net/html/drivco/preview/assets/img/home1/icon/mitsibisi-01.svg]
[demo-egenslab.b-cdn.net/html/drivco/preview/assets/img/home1/icon/audi-1.svg]
[demo-egenslab.b-cdn.net/html/drivco/preview/assets/img/home1/icon/mazda-1.svg]
[demo-egenslab.b-cdn.net/html/drivco/preview/assets/img/home1/icon/nissan-1.svg]
[demo-egenslab.b-cdn.net/html/drivco/preview/assets/img/home1/icon/jeep-1.svg]
[demo-egenslab.b-cdn.net/html/drivco/preview/assets/img/flags.png]
[demo-egenslab.b-cdn.net/html/drivco/preview/assets/css/intlTelInput.css]
[demo-egenslab.b-cdn.net/html/drivco/preview/assets/img/flags@2x.png]
[demo-egenslab.b-cdn.net/html/drivco/preview/assets/img/inner-page/icon/mileage.svg]
[demo-egenslab.b-cdn.net/html/drivco/preview/assets/img/inner-page/icon/engine.svg]
[demo-egenslab.b-cdn.net/html/drivco/preview/assets/img/inner-page/icon/fuel.svg]
[demo-egenslab.b-cdn.net/html/drivco/preview/assets/img/inner-page/icon/condition.svg]
[demo-egenslab.b-cdn.net/html/drivco/preview/cart.html]
[demo-egenslab.b-cdn.net/html/drivco/preview/assets/img/inner-page/icon/PayPal.svg]
[demo-egenslab.b-cdn.net/html/drivco/preview/assets/img/inner-page/icon/Stripe.svg]
[demo-egenslab.b-cdn.net/html/drivco/preview/assets/img/inner-page/icon/Offline.svg]
[demo-egenslab.b-cdn.net/html/drivco/preview/assets/img/inner-page/404.svg]
